Type-safe project accessors is an incubating feature.
> Task :build-logic:checkKotlinGradlePluginConfigurationErrors SKIPPED
> Task :build-logic:generateExternalPluginSpecBuilders UP-TO-DATE
> Task :build-logic:extractPrecompiledScriptPluginPlugins UP-TO-DATE
> Task :build-logic:compilePluginsBlocks UP-TO-DATE
> Task :build-logic:generatePrecompiledScriptPluginAccessors UP-TO-DATE
> Task :build-logic:generateScriptPluginAdapters UP-TO-DATE
> Task :build-logic:compileKotlin UP-TO-DATE
> Task :build-logic:compileJava NO-SOURCE
> Task :build-logic:pluginDescriptors UP-TO-DATE
> Task :build-logic:processResources UP-TO-DATE
> Task :build-logic:classes UP-TO-DATE
> Task :build-logic:jar UP-TO-DATE
> Task :api:db-gateway:checkKotlinGradlePluginConfigurationErrors SKIPPED
> Task :api:account:checkKotlinGradlePluginConfigurationErrors SKIPPED
> Task :engine:events:checkKotlinGradlePluginConfigurationErrors SKIPPED
> Task :engine:module:checkKotlinGradlePluginConfigurationErrors SKIPPED
> Task :api:db:checkKotlinGradlePluginConfigurationErrors SKIPPED
> Task :engine:annotations:checkKotlinGradlePluginConfigurationErrors SKIPPED
> Task :server:services:checkKotlinGradlePluginConfigurationErrors SKIPPED
> Task :engine:coroutine:checkKotlinGradlePluginConfigurationErrors SKIPPED
> Task :engine:game:checkKotlinGradlePluginConfigurationErrors SKIPPED
> Task :engine:map:checkKotlinGradlePluginConfigurationErrors SKIPPED
> Task :spotlessInternalRegisterDependencies UP-TO-DATE
> Task :api:db:processResources UP-TO-DATE
> Task :engine:routefinder:checkKotlinGradlePluginConfigurationErrors SKIPPED
> Task :engine:coroutine:compileKotlin UP-TO-DATE
> Task :engine:map:compileKotlin UP-TO-DATE
> Task :server:services:compileKotlin UP-TO-DATE
> Task :engine:annotations:compileKotlin UP-TO-DATE
> Task :engine:events:compileKotlin UP-TO-DATE
> Task :server:services:compileJava NO-SOURCE
> Task :engine:events:compileJava NO-SOURCE
> Task :engine:coroutine:compileJava NO-SOURCE
> Task :engine:annotations:compileJava NO-SOURCE
> Task :server:services:processResources NO-SOURCE
> Task :server:services:classes UP-TO-DATE
> Task :engine:annotations:processResources NO-SOURCE
> Task :engine:annotations:classes UP-TO-DATE
> Task :engine:map:compileJava NO-SOURCE
> Task :engine:routefinder:compileKotlin UP-TO-DATE
> Task :engine:module:compileKotlin UP-TO-DATE
> Task :engine:events:processResources NO-SOURCE
> Task :engine:events:classes UP-TO-DATE
> Task :server:services:jar UP-TO-DATE
> Task :engine:annotations:jar UP-TO-DATE
> Task :engine:events:jar UP-TO-DATE
> Task :engine:map:processResources NO-SOURCE
> Task :engine:coroutine:processResources NO-SOURCE
> Task :engine:routefinder:compileJava NO-SOURCE
> Task :engine:utils-bits:checkKotlinGradlePluginConfigurationErrors SKIPPED
> Task :engine:utils-sorting:checkKotlinGradlePluginConfigurationErrors SKIPPED
> Task :engine:coroutine:classes UP-TO-DATE
> Task :engine:game:processResources NO-SOURCE
> Task :engine:coroutine:jar UP-TO-DATE
> Task :engine:module:compileJava NO-SOURCE
> Task :engine:plugin:checkKotlinGradlePluginConfigurationErrors SKIPPED
> Task :engine:plugin:processResources NO-SOURCE
> Task :engine:map:classes UP-TO-DATE
> Task :engine:routefinder:processResources NO-SOURCE
> Task :engine:module:processResources NO-SOURCE
> Task :engine:module:classes UP-TO-DATE
> Task :api:db-gateway:processResources NO-SOURCE
> Task :engine:routefinder:classes UP-TO-DATE
> Task :api:realm:checkKotlinGradlePluginConfigurationErrors SKIPPED
> Task :engine:module:jar UP-TO-DATE
> Task :api:equipment-instance:checkKotlinGradlePluginConfigurationErrors SKIPPED
> Task :engine:routefinder:jar UP-TO-DATE
> Task :api:server-config:checkKotlinGradlePluginConfigurationErrors SKIPPED
> Task :api:parsers:toml:checkKotlinGradlePluginConfigurationErrors SKIPPED
> Task :api:realm:processResources NO-SOURCE
> Task :engine:map:jar UP-TO-DATE
> Task :api:server-config:processResources NO-SOURCE
> Task :api:equipment-instance:processResources NO-SOURCE
> Task :api:parsers:jackson:checkKotlinGradlePluginConfigurationErrors SKIPPED
> Task :api:parsers:json:checkKotlinGradlePluginConfigurationErrors SKIPPED
> Task :api:parsers:jackson:processResources NO-SOURCE
> Task :api:account:processResources NO-SOURCE
> Task :api:area-checker:checkKotlinGradlePluginConfigurationErrors SKIPPED
> Task :api:registry:checkKotlinGradlePluginConfigurationErrors SKIPPED
> Task :api:registry:processResources NO-SOURCE
> Task :engine:utils-bits:compileKotlin UP-TO-DATE
> Task :api:area-checker:processResources NO-SOURCE
> Task :api:cache:checkKotlinGradlePluginConfigurationErrors SKIPPED
> Task :api:repo:checkKotlinGradlePluginConfigurationErrors SKIPPED
> Task :engine:utils-bits:compileJava NO-SOURCE
> Task :content:pvm-progression:spotlessKotlin UP-TO-DATE
> Task :engine:utils-sorting:compileKotlin UP-TO-DATE
> Task :api:repo:processResources NO-SOURCE
> Task :api:type:type-symbols:checkKotlinGradlePluginConfigurationErrors SKIPPED
> Task :engine:utils-bits:processResources NO-SOURCE
> Task :engine:utils-sorting:compileJava NO-SOURCE
> Task :engine:utils-bits:classes UP-TO-DATE
> Task :engine:utils-sorting:processResources NO-SOURCE
> Task :engine:utils-sorting:classes UP-TO-DATE
> Task :engine:utils-bits:jar UP-TO-DATE
> Task :engine:utils-sorting:jar UP-TO-DATE
> Task :api:cache:processResources NO-SOURCE
> Task :api:realm:compileKotlin UP-TO-DATE
> Task :api:realm:compileJava NO-SOURCE
> Task :api:realm:classes UP-TO-DATE
> Task :api:cheat:checkKotlinGradlePluginConfigurationErrors SKIPPED
> Task :api:config:checkKotlinGradlePluginConfigurationErrors SKIPPED
> Task :api:type:type-builders:checkKotlinGradlePluginConfigurationErrors SKIPPED
> Task :api:type:type-script-dsl:checkKotlinGradlePluginConfigurationErrors SKIPPED
> Task :api:parsers:json:compileKotlin UP-TO-DATE
> Task :api:type:type-script-dsl:processResources NO-SOURCE
> Task :api:parsers:toml:compileKotlin UP-TO-DATE
> Task :api:realm:jar UP-TO-DATE
> Task :api:type:type-builders:processResources NO-SOURCE
> Task :api:type:type-editors:checkKotlinGradlePluginConfigurationErrors SKIPPED
> Task :content:pvm-progression:spotlessKotlinApply UP-TO-DATE
> Task :content:pvm-progression:spotlessApply UP-TO-DATE
> Task :api:db:compileKotlin UP-TO-DATE
> Task :api:type:type-symbols:compileKotlin UP-TO-DATE
> Task :api:parsers:json:compileJava NO-SOURCE
> Task :api:type:type-references:checkKotlinGradlePluginConfigurationErrors SKIPPED
> Task :api:parsers:toml:compileJava NO-SOURCE
> Task :api:type:type-editors:processResources NO-SOURCE
> Task :api:db:compileJava NO-SOURCE
> Task :api:db:classes UP-TO-DATE
> Task :api:type:type-symbols:compileJava NO-SOURCE
> Task :api:type:type-references:processResources NO-SOURCE
> Task :api:parsers:json:processResources NO-SOURCE
> Task :api:parsers:json:classes UP-TO-DATE
> Task :api:player-output:checkKotlinGradlePluginConfigurationErrors SKIPPED
> Task :api:parsers:toml:processResources NO-SOURCE
> Task :api:config:processResources NO-SOURCE
> Task :api:type:type-symbols:processResources NO-SOURCE
> Task :api:parsers:toml:classes UP-TO-DATE
> Task :api:db:jar UP-TO-DATE
> Task :api:type:type-symbols:classes UP-TO-DATE
> Task :api:player-output:processResources NO-SOURCE
> Task :api:cheat:processResources NO-SOURCE
> Task :api:companion:checkKotlinGradlePluginConfigurationErrors SKIPPED
> Task :api:parsers:json:jar UP-TO-DATE
> Task :api:invtx:checkKotlinGradlePluginConfigurationErrors SKIPPED
> Task :engine:objtx:checkKotlinGradlePluginConfigurationErrors SKIPPED
> Task :api:death:checkKotlinGradlePluginConfigurationErrors SKIPPED
> Task :engine:game:compileKotlin UP-TO-DATE
> Task :api:ironman:checkKotlinGradlePluginConfigurationErrors SKIPPED
> Task :api:hunt:checkKotlinGradlePluginConfigurationErrors SKIPPED
> Task :api:invtx:processResources NO-SOURCE
> Task :api:market:checkKotlinGradlePluginConfigurationErrors SKIPPED
> Task :api:route:checkKotlinGradlePluginConfigurationErrors SKIPPED
> Task :api:parsers:toml:jar UP-TO-DATE
> Task :api:hunt:processResources NO-SOURCE
> Task :api:music:checkKotlinGradlePluginConfigurationErrors SKIPPED
> Task :api:type:type-symbols:jar UP-TO-DATE
> Task :api:random:checkKotlinGradlePluginConfigurationErrors SKIPPED
> Task :api:market:processResources NO-SOURCE
> Task :api:player:checkKotlinGradlePluginConfigurationErrors SKIPPED
> Task :api:stats:levelmod:checkKotlinGradlePluginConfigurationErrors SKIPPED
> Task :engine:game:compileJava NO-SOURCE
> Task :engine:game:classes UP-TO-DATE
> Task :api:parsers:jackson:compileKotlin UP-TO-DATE
> Task :api:route:processResources NO-SOURCE
> Task :engine:game:jar UP-TO-DATE
> Task :api:music:processResources NO-SOURCE
> Task :api:utils:utils-format:checkKotlinGradlePluginConfigurationErrors SKIPPED
> Task :api:stats:levelmod:processResources NO-SOURCE
> Task :api:parsers:jackson:compileJava NO-SOURCE
> Task :api:parsers:jackson:classes UP-TO-DATE
> Task :api:parsers:jackson:jar UP-TO-DATE
> Task :engine:objtx:compileKotlin UP-TO-DATE
> Task :engine:plugin:compileKotlin UP-TO-DATE
> Task :api:random:compileKotlin UP-TO-DATE
> Task :api:route:compileKotlin UP-TO-DATE
> Task :engine:plugin:compileJava NO-SOURCE
> Task :engine:objtx:compileJava NO-SOURCE
> Task :engine:plugin:classes UP-TO-DATE
> Task :api:random:compileJava NO-SOURCE
> Task :api:route:compileJava NO-SOURCE
> Task :api:route:classes UP-TO-DATE
> Task :api:random:processResources NO-SOURCE
> Task :engine:objtx:processResources NO-SOURCE
> Task :engine:objtx:classes UP-TO-DATE
> Task :api:random:classes UP-TO-DATE
> Task :api:server-config:compileKotlin UP-TO-DATE
> Task :api:type:type-references:compileKotlin UP-TO-DATE
> Task :engine:plugin:jar UP-TO-DATE
> Task :engine:objtx:jar UP-TO-DATE
> Task :api:route:jar UP-TO-DATE
> Task :api:random:jar UP-TO-DATE
> Task :api:type:type-script-dsl:compileKotlin UP-TO-DATE
> Task :api:server-config:compileJava NO-SOURCE
> Task :api:server-config:classes UP-TO-DATE
> Task :api:type:type-references:compileJava NO-SOURCE
> Task :api:type:type-references:classes UP-TO-DATE
> Task :api:server-config:jar UP-TO-DATE
> Task :api:utils:utils-map:checkKotlinGradlePluginConfigurationErrors SKIPPED
> Task :api:type:type-references:jar UP-TO-DATE
> Task :api:utils:utils-vars:checkKotlinGradlePluginConfigurationErrors SKIPPED
> Task :api:type:type-script-dsl:compileJava NO-SOURCE
> Task :api:type:type-script-dsl:classes UP-TO-DATE
> Task :api:utils:utils-skills:checkKotlinGradlePluginConfigurationErrors SKIPPED
> Task :api:market:compileKotlin UP-TO-DATE
> Task :api:type:type-script-dsl:jar UP-TO-DATE
> Task :api:stats:levelmod:compileKotlin UP-TO-DATE
> Task :api:db-gateway:compileKotlin UP-TO-DATE
> Task :api:utils:utils-format:compileKotlin UP-TO-DATE
> Task :api:utils:utils-map:compileKotlin UP-TO-DATE
> Task :api:utils:utils-vars:compileKotlin UP-TO-DATE
> Task :api:utils:utils-map:compileJava NO-SOURCE
> Task :api:utils:utils-format:compileJava NO-SOURCE
> Task :api:market:compileJava NO-SOURCE
> Task :api:market:classes UP-TO-DATE
> Task :api:db-gateway:compileJava NO-SOURCE
> Task :api:db-gateway:classes UP-TO-DATE
> Task :api:utils:utils-format:processResources NO-SOURCE
> Task :api:stats:levelmod:compileJava NO-SOURCE
> Task :api:utils:utils-format:classes UP-TO-DATE
> Task :api:stats:levelmod:classes UP-TO-DATE
> Task :api:market:jar UP-TO-DATE
> Task :api:utils:utils-vars:compileJava NO-SOURCE
> Task :api:utils:utils-map:processResources NO-SOURCE
> Task :api:db-gateway:jar UP-TO-DATE
> Task :api:utils:utils-format:jar UP-TO-DATE
> Task :api:utils:utils-map:classes UP-TO-DATE
> Task :api:player:processResources NO-SOURCE
> Task :api:controller:checkKotlinGradlePluginConfigurationErrors SKIPPED
> Task :api:stats:levelmod:jar UP-TO-DATE
> Task :api:game-process:checkKotlinGradlePluginConfigurationErrors SKIPPED
> Task :api:inv-weight:checkKotlinGradlePluginConfigurationErrors SKIPPED
> Task :api:npc:checkKotlinGradlePluginConfigurationErrors SKIPPED
> Task :api:utils:utils-map:jar UP-TO-DATE
> Task :engine:interact:checkKotlinGradlePluginConfigurationErrors SKIPPED
> Task :api:utils:utils-vars:processResources NO-SOURCE
> Task :api:npc:processResources UP-TO-DATE
> Task :api:utils:utils-skills:compileKotlin UP-TO-DATE
> Task :api:utils:utils-vars:classes UP-TO-DATE
> Task :api:utils:utils-vars:jar UP-TO-DATE
> Task :api:utils:utils-skills:compileJava NO-SOURCE
> Task :api:utils:utils-zone:checkKotlinGradlePluginConfigurationErrors SKIPPED
> Task :api:utils:utils-skills:processResources NO-SOURCE
> Task :api:utils:utils-skills:classes UP-TO-DATE
> Task :api:utils:utils-zone:processResources NO-SOURCE
> Task :api:utils:utils-skills:jar UP-TO-DATE
> Task :api:game-process:processResources NO-SOURCE
> Task :api:script:checkKotlinGradlePluginConfigurationErrors SKIPPED
> Task :api:ironman:processResources NO-SOURCE
> Task :api:script:processResources NO-SOURCE
> Task :api:combat:combat-effects:checkKotlinGradlePluginConfigurationErrors SKIPPED
> Task :api:combat:combat-effects:processResources NO-SOURCE
> Task :api:death:processResources NO-SOURCE
> Task :api:utils:utils-logging:checkKotlinGradlePluginConfigurationErrors SKIPPED
> Task :api:combat:combat-commons:checkKotlinGradlePluginConfigurationErrors SKIPPED
> Task :api:companion:processResources NO-SOURCE
> Task :api:combat:combat-commons:processResources NO-SOURCE
> Task :api:obj-charges:checkKotlinGradlePluginConfigurationErrors SKIPPED
> Task :api:plugin-commons:checkKotlinGradlePluginConfigurationErrors SKIPPED
> Task :api:shops:checkKotlinGradlePluginConfigurationErrors SKIPPED
> Task :api:obj-charges:processResources NO-SOURCE
> Task :api:spells-runes:checkKotlinGradlePluginConfigurationErrors SKIPPED
> Task :api:spells-runes:processResources NO-SOURCE
> Task :api:shops:processResources NO-SOURCE
> Task :api:combat-accuracy:checkKotlinGradlePluginConfigurationErrors SKIPPED
> Task :api:combat-maxhit:checkKotlinGradlePluginConfigurationErrors SKIPPED
> Task :api:controller:compileKotlin UP-TO-DATE
> Task :api:equipment-instance:compileKotlin UP-TO-DATE
> Task :api:inv-weight:compileKotlin UP-TO-DATE
> Task :api:equipment-instance:compileJava NO-SOURCE
> Task :api:equipment-instance:classes UP-TO-DATE
> Task :engine:interact:compileKotlin UP-TO-DATE
> Task :api:inv-weight:compileJava NO-SOURCE
> Task :api:controller:compileJava NO-SOURCE
> Task :api:equipment-instance:jar UP-TO-DATE
> Task :engine:interact:compileJava NO-SOURCE
> Task :api:inv-weight:processResources NO-SOURCE
> Task :api:inv-weight:classes UP-TO-DATE
> Task :api:controller:processResources NO-SOURCE
> Task :api:controller:classes UP-TO-DATE
> Task :engine:interact:processResources NO-SOURCE
> Task :engine:interact:classes UP-TO-DATE
> Task :api:inv-weight:jar UP-TO-DATE
> Task :api:controller:jar UP-TO-DATE
> Task :api:combat:combat-formulas:checkKotlinGradlePluginConfigurationErrors SKIPPED
> Task :api:combat:combat-weapon:checkKotlinGradlePluginConfigurationErrors SKIPPED
> Task :api:combat:combat-formulas:processResources NO-SOURCE
> Task :api:combat:combat-weapon:processResources NO-SOURCE
> Task :api:combat:combat-manager:checkKotlinGradlePluginConfigurationErrors SKIPPED
> Task :api:stats:xpmod:checkKotlinGradlePluginConfigurationErrors SKIPPED
> Task :api:combat:combat-manager:processResources NO-SOURCE
> Task :api:stats:xpmod:processResources NO-SOURCE
> Task :api:utils:utils-io:checkKotlinGradlePluginConfigurationErrors SKIPPED
> Task :api:utils:utils-time:checkKotlinGradlePluginConfigurationErrors SKIPPED
> Task :api:combat-accuracy:compileKotlin UP-TO-DATE
> Task :api:utils:utils-logging:compileKotlin UP-TO-DATE
> Task :api:combat-accuracy:compileJava NO-SOURCE
> Task :engine:interact:jar UP-TO-DATE
> Task :api:utils:utils-logging:compileJava NO-SOURCE
> Task :api:combat-maxhit:compileKotlin UP-TO-DATE
> Task :api:combat-accuracy:processResources NO-SOURCE
> Task :api:combat-accuracy:classes UP-TO-DATE
> Task :api:utils:utils-logging:processResources NO-SOURCE
> Task :api:plugin-commons:processResources NO-SOURCE
> Task :api:utils:utils-logging:classes UP-TO-DATE
> Task :api:combat-maxhit:compileJava NO-SOURCE
> Task :api:combat-accuracy:jar UP-TO-DATE
> Task :api:script-advanced:checkKotlinGradlePluginConfigurationErrors SKIPPED
> Task :api:combat-maxhit:processResources NO-SOURCE
> Task :api:combat-maxhit:classes UP-TO-DATE
> Task :api:utils:utils-logging:jar UP-TO-DATE
> Task :api:utils:utils-time:compileKotlin UP-TO-DATE
> Task :api:specials:checkKotlinGradlePluginConfigurationErrors SKIPPED
> Task :api:account:compileKotlin UP-TO-DATE
> Task :api:talents:checkKotlinGradlePluginConfigurationErrors SKIPPED
> Task :api:script-advanced:processResources NO-SOURCE
> Task :api:talents:processResources NO-SOURCE
> Task :api:combat-maxhit:jar UP-TO-DATE
> Task :content:pvm-progression:checkKotlinGradlePluginConfigurationErrors SKIPPED
> Task :api:specials:processResources NO-SOURCE
> Task :api:utils:utils-time:compileJava NO-SOURCE
> Task :content:pvm-points:checkKotlinGradlePluginConfigurationErrors SKIPPED
> Task :api:account:compileJava NO-SOURCE
> Task :api:account:classes UP-TO-DATE
> Task :api:utils:utils-io:compileKotlin UP-TO-DATE
> Task :content:pvm-points:processResources NO-SOURCE
> Task :api:utils:utils-time:processResources NO-SOURCE
> Task :api:utils:utils-io:compileJava NO-SOURCE
> Task :api:utils:utils-time:classes UP-TO-DATE
> Task :api:account:jar UP-TO-DATE
> Task :api:utils:utils-io:processResources NO-SOURCE
> Task :api:utils:utils-io:classes UP-TO-DATE
> Task :api:utils:utils-io:jar UP-TO-DATE
> Task :api:type:type-editors:compileKotlin UP-TO-DATE
> Task :api:utils:utils-time:jar UP-TO-DATE
> Task :api:type:type-editors:compileJava NO-SOURCE
> Task :api:type:type-editors:classes UP-TO-DATE
> Task :api:type:type-editors:jar UP-TO-DATE
> Task :api:registry:compileKotlin UP-TO-DATE
> Task :api:registry:compileJava NO-SOURCE
> Task :api:registry:classes UP-TO-DATE
> Task :api:registry:jar UP-TO-DATE
> Task :api:hunt:compileKotlin UP-TO-DATE
> Task :api:utils:utils-zone:compileKotlin UP-TO-DATE
> Task :api:repo:compileKotlin UP-TO-DATE
> Task :api:area-checker:compileKotlin UP-TO-DATE
> Task :api:utils:utils-zone:compileJava NO-SOURCE
> Task :api:hunt:compileJava NO-SOURCE
> Task :api:area-checker:compileJava NO-SOURCE
> Task :api:utils:utils-zone:classes UP-TO-DATE
> Task :api:area-checker:classes UP-TO-DATE
> Task :api:hunt:classes UP-TO-DATE
> Task :api:repo:compileJava NO-SOURCE
> Task :api:repo:classes UP-TO-DATE
> Task :api:area-checker:jar UP-TO-DATE
> Task :api:hunt:jar UP-TO-DATE
> Task :api:utils:utils-zone:jar UP-TO-DATE
> Task :api:repo:jar UP-TO-DATE
> Task :api:cache:compileKotlin UP-TO-DATE
> Task :api:cache:compileJava NO-SOURCE
> Task :api:cache:classes UP-TO-DATE
> Task :api:cache:jar UP-TO-DATE
> Task :api:type:type-builders:compileKotlin UP-TO-DATE
> Task :api:type:type-builders:compileJava NO-SOURCE
> Task :api:type:type-builders:classes UP-TO-DATE
> Task :api:type:type-builders:jar UP-TO-DATE
> Task :api:config:compileKotlin UP-TO-DATE
> Task :api:config:compileJava NO-SOURCE
> Task :api:config:classes UP-TO-DATE
> Task :api:config:jar UP-TO-DATE
> Task :api:stats:xpmod:compileKotlin UP-TO-DATE
> Task :api:stats:xpmod:compileJava NO-SOURCE
> Task :api:stats:xpmod:classes UP-TO-DATE
> Task :api:music:compileKotlin UP-TO-DATE
> Task :api:player-output:compileKotlin UP-TO-DATE
> Task :api:music:compileJava NO-SOURCE
> Task :api:music:classes UP-TO-DATE
> Task :api:stats:xpmod:jar UP-TO-DATE
> Task :api:obj-charges:compileKotlin UP-TO-DATE
> Task :api:player-output:compileJava NO-SOURCE
> Task :api:player-output:classes UP-TO-DATE
> Task :api:music:jar UP-TO-DATE
> Task :api:obj-charges:compileJava NO-SOURCE
> Task :api:obj-charges:classes UP-TO-DATE
> Task :api:player-output:jar UP-TO-DATE
> Task :api:obj-charges:jar UP-TO-DATE
> Task :api:invtx:compileKotlin UP-TO-DATE
> Task :api:cheat:compileKotlin UP-TO-DATE
> Task :api:invtx:compileJava NO-SOURCE
> Task :api:cheat:compileJava NO-SOURCE
> Task :api:invtx:classes UP-TO-DATE
> Task :api:cheat:classes UP-TO-DATE
> Task :api:invtx:jar UP-TO-DATE
> Task :api:cheat:jar UP-TO-DATE
> Task :api:player:compileKotlin UP-TO-DATE
> Task :api:player:compileJava NO-SOURCE
> Task :api:player:classes UP-TO-DATE
> Task :api:player:jar UP-TO-DATE
> Task :api:npc:compileKotlin UP-TO-DATE
> Task :api:npc:compileJava NO-SOURCE
> Task :api:npc:classes UP-TO-DATE
> Task :api:npc:jar UP-TO-DATE
> Task :api:combat:combat-commons:compileKotlin UP-TO-DATE
> Task :api:combat:combat-commons:compileJava NO-SOURCE
> Task :api:combat:combat-commons:classes UP-TO-DATE
> Task :api:game-process:compileKotlin UP-TO-DATE
> Task :api:combat:combat-commons:jar UP-TO-DATE
> Task :api:game-process:compileJava NO-SOURCE
> Task :api:game-process:classes UP-TO-DATE
> Task :api:game-process:jar UP-TO-DATE
> Task :api:spells-runes:compileKotlin UP-TO-DATE
> Task :api:combat:combat-weapon:compileKotlin UP-TO-DATE
> Task :api:script:compileKotlin UP-TO-DATE
> Task :api:combat:combat-weapon:compileJava NO-SOURCE
> Task :api:spells-runes:compileJava NO-SOURCE
> Task :api:script:compileJava NO-SOURCE
> Task :api:script:classes UP-TO-DATE
> Task :api:spells-runes:classes UP-TO-DATE
> Task :api:combat:combat-weapon:classes UP-TO-DATE
> Task :api:script:jar UP-TO-DATE
> Task :api:combat:combat-weapon:jar UP-TO-DATE
> Task :api:spells-runes:jar UP-TO-DATE
> Task :api:combat:combat-formulas:compileKotlin UP-TO-DATE
> Task :api:combat:combat-effects:compileKotlin UP-TO-DATE
> Task :api:script-advanced:compileKotlin UP-TO-DATE
> Task :api:ironman:compileKotlin UP-TO-DATE
> Task :api:shops:compileKotlin UP-TO-DATE
> Task :api:shops:compileJava NO-SOURCE
> Task :api:combat:combat-effects:compileJava NO-SOURCE
> Task :api:combat:combat-effects:classes UP-TO-DATE
> Task :api:shops:classes UP-TO-DATE
> Task :api:script-advanced:compileJava NO-SOURCE
> Task :api:combat:combat-formulas:compileJava NO-SOURCE
> Task :api:combat:combat-formulas:classes UP-TO-DATE
> Task :api:script-advanced:classes UP-TO-DATE
> Task :api:ironman:compileJava NO-SOURCE
> Task :api:ironman:classes UP-TO-DATE
> Task :api:combat:combat-formulas:jar UP-TO-DATE
> Task :api:combat:combat-effects:jar UP-TO-DATE
> Task :api:shops:jar UP-TO-DATE
> Task :api:script-advanced:jar UP-TO-DATE
> Task :api:ironman:jar UP-TO-DATE
> Task :api:death:compileKotlin UP-TO-DATE
> Task :api:death:compileJava NO-SOURCE
> Task :api:death:classes UP-TO-DATE
> Task :api:death:jar UP-TO-DATE
> Task :api:talents:compileKotlin UP-TO-DATE
> Task :api:companion:compileKotlin UP-TO-DATE
> Task :api:companion:compileJava NO-SOURCE
> Task :api:talents:compileJava NO-SOURCE
> Task :api:companion:classes UP-TO-DATE
> Task :api:talents:classes UP-TO-DATE
> Task :api:talents:jar UP-TO-DATE
> Task :api:companion:jar UP-TO-DATE
> Task :api:combat:combat-manager:compileKotlin UP-TO-DATE
> Task :api:combat:combat-manager:compileJava NO-SOURCE
> Task :api:combat:combat-manager:classes UP-TO-DATE
> Task :api:combat:combat-manager:jar UP-TO-DATE
> Task :api:plugin-commons:compileKotlin UP-TO-DATE
> Task :api:specials:compileKotlin UP-TO-DATE
> Task :api:specials:compileJava NO-SOURCE
> Task :api:plugin-commons:compileJava NO-SOURCE
> Task :api:specials:classes UP-TO-DATE
> Task :api:plugin-commons:classes UP-TO-DATE
> Task :api:plugin-commons:jar UP-TO-DATE
> Task :api:specials:jar UP-TO-DATE
> Task :content:pvm-points:compileKotlin UP-TO-DATE
> Task :content:pvm-points:compileJava NO-SOURCE
> Task :content:pvm-points:classes UP-TO-DATE
> Task :content:pvm-points:jar UP-TO-DATE

> Task :content:pvm-progression:compileKotlin FAILED
e: file:///C:/Users/Administrator/Desktop/Unforge-vps/content/pvm-progression/src/main/kotlin/org/rsmod/content/pvmprogression/mutation/MutationManager.kt:206:30 Unresolved reference 'BountyObjectiveMatcher'.
e: file:///C:/Users/Administrator/Desktop/Unforge-vps/content/pvm-progression/src/main/kotlin/org/rsmod/content/pvmprogression/mutation/MutationManager.kt:208:16 Unresolved reference 'BountyObjectiveMatcher'.

FAILURE: Build failed with an exception.

* What went wrong:
Execution failed for task ':content:pvm-progression:compileKotlin'.
> A failure occurred while executing org.jetbrains.kotlin.compilerRunner.GradleCompilerRunnerWithWorkers$GradleKotlinCompilerWorkAction
   > Compilation error. See log for more details

* Try:
> Run with --stacktrace option to get the stack trace.
> Run with --info or --debug option to get more log output.
> Run with --scan to generate a Build Scan (powered by Develocity).
> Get more help at https://help.gradle.org.

BUILD FAILED in 6s
163 actionable tasks: 1 executed, 162 up-to-date
